Archive member included to satisfy reference by file (symbol)

/Applications/Development/STM32CubeIDE.app/Contents/Eclipse/plugins/com.st.stm32cube.ide.mcu.externaltools.gnu-tools-for-stm32.12.3.rel1.macos64_1.1.0.202410301201/tools/bin/../lib/gcc/arm-none-eabi/12.3.1/../../../../arm-none-eabi/lib/thumb/v6-m/nofp/libc_nano.a(libc_a-exit.o)
                              /Applications/Development/STM32CubeIDE.app/Contents/Eclipse/plugins/com.st.stm32cube.ide.mcu.externaltools.gnu-tools-for-stm32.12.3.rel1.macos64_1.1.0.202410301201/tools/bin/../lib/gcc/arm-none-eabi/12.3.1/../../../../arm-none-eabi/lib/thumb/v6-m/nofp/crt0.o (exit)
/Applications/Development/STM32CubeIDE.app/Contents/Eclipse/plugins/com.st.stm32cube.ide.mcu.externaltools.gnu-tools-for-stm32.12.3.rel1.macos64_1.1.0.202410301201/tools/bin/../lib/gcc/arm-none-eabi/12.3.1/../../../../arm-none-eabi/lib/thumb/v6-m/nofp/libc_nano.a(libc_a-findfp.o)
                              /Applications/Development/STM32CubeIDE.app/Contents/Eclipse/plugins/com.st.stm32cube.ide.mcu.externaltools.gnu-tools-for-stm32.12.3.rel1.macos64_1.1.0.202410301201/tools/bin/../lib/gcc/arm-none-eabi/12.3.1/../../../../arm-none-eabi/lib/thumb/v6-m/nofp/libc_nano.a(libc_a-exit.o) (__stdio_exit_handler)
/Applications/Development/STM32CubeIDE.app/Contents/Eclipse/plugins/com.st.stm32cube.ide.mcu.externaltools.gnu-tools-for-stm32.12.3.rel1.macos64_1.1.0.202410301201/tools/bin/../lib/gcc/arm-none-eabi/12.3.1/../../../../arm-none-eabi/lib/thumb/v6-m/nofp/libc_nano.a(libc_a-fwalk.o)
                              /Applications/Development/STM32CubeIDE.app/Contents/Eclipse/plugins/com.st.stm32cube.ide.mcu.externaltools.gnu-tools-for-stm32.12.3.rel1.macos64_1.1.0.202410301201/tools/bin/../lib/gcc/arm-none-eabi/12.3.1/../../../../arm-none-eabi/lib/thumb/v6-m/nofp/libc_nano.a(libc_a-findfp.o) (_fwalk_sglue)
/Applications/Development/STM32CubeIDE.app/Contents/Eclipse/plugins/com.st.stm32cube.ide.mcu.externaltools.gnu-tools-for-stm32.12.3.rel1.macos64_1.1.0.202410301201/tools/bin/../lib/gcc/arm-none-eabi/12.3.1/../../../../arm-none-eabi/lib/thumb/v6-m/nofp/libc_nano.a(libc_a-memset.o)
                              /Applications/Development/STM32CubeIDE.app/Contents/Eclipse/plugins/com.st.stm32cube.ide.mcu.externaltools.gnu-tools-for-stm32.12.3.rel1.macos64_1.1.0.202410301201/tools/bin/../lib/gcc/arm-none-eabi/12.3.1/../../../../arm-none-eabi/lib/thumb/v6-m/nofp/crt0.o (memset)
/Applications/Development/STM32CubeIDE.app/Contents/Eclipse/plugins/com.st.stm32cube.ide.mcu.externaltools.gnu-tools-for-stm32.12.3.rel1.macos64_1.1.0.202410301201/tools/bin/../lib/gcc/arm-none-eabi/12.3.1/../../../../arm-none-eabi/lib/thumb/v6-m/nofp/libc_nano.a(libc_a-impure.o)
                              /Applications/Development/STM32CubeIDE.app/Contents/Eclipse/plugins/com.st.stm32cube.ide.mcu.externaltools.gnu-tools-for-stm32.12.3.rel1.macos64_1.1.0.202410301201/tools/bin/../lib/gcc/arm-none-eabi/12.3.1/../../../../arm-none-eabi/lib/thumb/v6-m/nofp/libc_nano.a(libc_a-findfp.o) (_impure_data)
/Applications/Development/STM32CubeIDE.app/Contents/Eclipse/plugins/com.st.stm32cube.ide.mcu.externaltools.gnu-tools-for-stm32.12.3.rel1.macos64_1.1.0.202410301201/tools/bin/../lib/gcc/arm-none-eabi/12.3.1/../../../../arm-none-eabi/lib/thumb/v6-m/nofp/libc_nano.a(libc_a-errno.o)
                              ./Core/Src/syscalls.o (__errno)
/Applications/Development/STM32CubeIDE.app/Contents/Eclipse/plugins/com.st.stm32cube.ide.mcu.externaltools.gnu-tools-for-stm32.12.3.rel1.macos64_1.1.0.202410301201/tools/bin/../lib/gcc/arm-none-eabi/12.3.1/../../../../arm-none-eabi/lib/thumb/v6-m/nofp/libc_nano.a(libc_a-init.o)
                              /Applications/Development/STM32CubeIDE.app/Contents/Eclipse/plugins/com.st.stm32cube.ide.mcu.externaltools.gnu-tools-for-stm32.12.3.rel1.macos64_1.1.0.202410301201/tools/bin/../lib/gcc/arm-none-eabi/12.3.1/../../../../arm-none-eabi/lib/thumb/v6-m/nofp/crt0.o (__libc_init_array)
/Applications/Development/STM32CubeIDE.app/Contents/Eclipse/plugins/com.st.stm32cube.ide.mcu.externaltools.gnu-tools-for-stm32.12.3.rel1.macos64_1.1.0.202410301201/tools/bin/../lib/gcc/arm-none-eabi/12.3.1/../../../../arm-none-eabi/lib/thumb/v6-m/nofp/libc_nano.a(libc_a-lock.o)
                              /Applications/Development/STM32CubeIDE.app/Contents/Eclipse/plugins/com.st.stm32cube.ide.mcu.externaltools.gnu-tools-for-stm32.12.3.rel1.macos64_1.1.0.202410301201/tools/bin/../lib/gcc/arm-none-eabi/12.3.1/../../../../arm-none-eabi/lib/thumb/v6-m/nofp/libc_nano.a(libc_a-findfp.o) (__retarget_lock_init_recursive)
/Applications/Development/STM32CubeIDE.app/Contents/Eclipse/plugins/com.st.stm32cube.ide.mcu.externaltools.gnu-tools-for-stm32.12.3.rel1.macos64_1.1.0.202410301201/tools/bin/../lib/gcc/arm-none-eabi/12.3.1/../../../../arm-none-eabi/lib/thumb/v6-m/nofp/libc_nano.a(libc_a-mallocr.o)
[...]
Memory Configuration

Name             Origin             Length             Attributes
RAM              0x20000000         0x00003000         xrw
FLASH            0x08000000         0x00008000         xr
*default*        0x00000000         0xffffffff

Linker script and memory map

LOAD /Applications/Development/STM32CubeIDE.app/Contents/Eclipse/plugins/com.st.stm32cube.ide.mcu.externaltools.gnu-tools-for-stm32.12.3.rel1.macos64_1.1.0.202410301201/tools/bin/../lib/gcc/arm-none-eabi/12.3.1/thumb/v6-m/nofp/crti.o
LOAD /Applications/Development/STM32CubeIDE.app/Contents/Eclipse/plugins/com.st.stm32cube.ide.mcu.externaltools.gnu-tools-for-stm32.12.3.rel1.macos64_1.1.0.202410301201/tools/bin/../lib/gcc/arm-none-eabi/12.3.1/thumb/v6-m/nofp/crtbegin.o
LOAD /Applications/Development/STM32CubeIDE.app/Contents/Eclipse/plugins/com.st.stm32cube.ide.mcu.externaltools.gnu-tools-for-stm32.12.3.rel1.macos64_1.1.0.202410301201/tools/bin/../lib/gcc/arm-none-eabi/12.3.1/../../../../arm-none-eabi/lib/thumb/v6-m/nofp/crt0.o
LOAD ./Core/Src/main.o
LOAD ./Core/Src/stm32c0xx_hal_msp.o
LOAD ./Core/Src/stm32c0xx_it.o
LOAD ./Core/Src/syscalls.o
LOAD ./Core/Src/sysmem.o
LOAD ./Core/Src/system_stm32c0xx.o
LOAD ./Core/Startup/startup_stm32c031c6tx.o
LOAD ./Drivers/BSP/STM32C0xx_Nucleo/stm32c0xx_nucleo.o
LOAD ./Drivers/STM32C0xx_HAL_Driver/Src/stm32c0xx_hal.o
LOAD ./Drivers/STM32C0xx_HAL_Driver/Src/stm32c0xx_hal_cortex.o
LOAD ./Drivers/STM32C0xx_HAL_Driver/Src/stm32c0xx_hal_dma.o
LOAD ./Drivers/STM32C0xx_HAL_Driver/Src/stm32c0xx_hal_dma_ex.o
LOAD ./Drivers/STM32C0xx_HAL_Driver/Src/stm32c0xx_hal_exti.o
LOAD ./Drivers/STM32C0xx_HAL_Driver/Src/stm32c0xx_hal_flash.o
LOAD ./Drivers/STM32C0xx_HAL_Driver/Src/stm32c0xx_hal_flash_ex.o
LOAD ./Drivers/STM32C0xx_HAL_Driver/Src/stm32c0xx_hal_gpio.o
LOAD ./Drivers/STM32C0xx_HAL_Driver/Src/stm32c0xx_hal_i2c.o
LOAD ./Drivers/STM32C0xx_HAL_Driver/Src/stm32c0xx_hal_i2c_ex.o
LOAD ./Drivers/STM32C0xx_HAL_Driver/Src/stm32c0xx_hal_pwr.o
LOAD ./Drivers/STM32C0xx_HAL_Driver/Src/stm32c0xx_hal_pwr_ex.o
LOAD ./Drivers/STM32C0xx_HAL_Driver/Src/stm32c0xx_hal_rcc.o
LOAD ./Drivers/STM32C0xx_HAL_Driver/Src/stm32c0xx_hal_rcc_ex.o
LOAD ./Drivers/STM32C0xx_HAL_Driver/Src/stm32c0xx_hal_tim.o
LOAD ./Drivers/STM32C0xx_HAL_Driver/Src/stm32c0xx_hal_tim_ex.o
LOAD ./Drivers/STM32C0xx_HAL_Driver/Src/stm32c0xx_hal_uart.o
LOAD ./Drivers/STM32C0xx_HAL_Driver/Src/stm32c0xx_hal_uart_ex.o
LOAD ./Drivers/STM32C0xx_HAL_Driver/Src/stm32c0xx_hal_usart.o
LOAD ./Drivers/STM32C0xx_HAL_Driver/Src/stm32c0xx_hal_usart_ex.o
LOAD ./Firmware/MotorQueue.o
LOAD ./Firmware/MoveQueue.o
LOAD ./Firmware/OwnAddr.o
LOAD ./Firmware/Registers.o
START GROUP
LOAD /Applications/Development/STM32CubeIDE.app/Contents/Eclipse/plugins/com.st.stm32cube.ide.mcu.externaltools.gnu-tools-for-stm32.12.3.rel1.macos64_1.1.0.202410301201/tools/bin/../lib/gcc/arm-none-eabi/12.3.1/../../../../arm-none-eabi/lib/thumb/v6-m/nofp/libstdc++_nano.a
LOAD /Applications/Development/STM32CubeIDE.app/Contents/Eclipse/plugins/com.st.stm32cube.ide.mcu.externaltools.gnu-tools-for-stm32.12.3.rel1.macos64_1.1.0.202410301201/tools/bin/../lib/gcc/arm-none-eabi/12.3.1/../../../../arm-none-eabi/lib/thumb/v6-m/nofp/libsupc++_nano.a
END GROUP
LOAD /Applications/Development/STM32CubeIDE.app/Contents/Eclipse/plugins/com.st.stm32cube.ide.mcu.externaltools.gnu-tools-for-stm32.12.3.rel1.macos64_1.1.0.202410301201/tools/bin/../lib/gcc/arm-none-eabi/12.3.1/../../../../arm-none-eabi/lib/thumb/v6-m/nofp/libstdc++_nano.a
LOAD /Applications/Development/STM32CubeIDE.app/Contents/Eclipse/plugins/com.st.stm32cube.ide.mcu.externaltools.gnu-tools-for-stm32.12.3.rel1.macos64_1.1.0.202410301201/tools/bin/../lib/gcc/arm-none-eabi/12.3.1/../../../../arm-none-eabi/lib/thumb/v6-m/nofp/libm.a
LOAD /Applications/Development/STM32CubeIDE.app/Contents/Eclipse/plugins/com.st.stm32cube.ide.mcu.externaltools.gnu-tools-for-stm32.12.3.rel1.macos64_1.1.0.202410301201/tools/bin/../lib/gcc/arm-none-eabi/12.3.1/../../../../arm-none-eabi/lib/thumb/v6-m/nofp/libc_nano.a
START GROUP
LOAD /Applications/Development/STM32CubeIDE.app/Contents/Eclipse/plugins/com.st.stm32cube.ide.mcu.externaltools.gnu-tools-for-stm32.12.3.rel1.macos64_1.1.0.202410301201/tools/bin/../lib/gcc/arm-none-eabi/12.3.1/thumb/v6-m/nofp/libgcc.a
LOAD /Applications/Development/STM32CubeIDE.app/Contents/Eclipse/plugins/com.st.stm32cube.ide.mcu.externaltools.gnu-tools-for-stm32.12.3.rel1.macos64_1.1.0.202410301201/tools/bin/../lib/gcc/arm-none-eabi/12.3.1/../../../../arm-none-eabi/lib/thumb/v6-m/nofp/libc_nano.a
END GROUP
START GROUP
LOAD /Applications/Development/STM32CubeIDE.app/Contents/Eclipse/plugins/com.st.stm32cube.ide.mcu.externaltools.gnu-tools-for-stm32.12.3.rel1.macos64_1.1.0.202410301201/tools/bin/../lib/gcc/arm-none-eabi/12.3.1/thumb/v6-m/nofp/libgcc.a
LOAD /Applications/Development/STM32CubeIDE.app/Contents/Eclipse/plugins/com.st.stm32cube.ide.mcu.externaltools.gnu-tools-for-stm32.12.3.rel1.macos64_1.1.0.202410301201/tools/bin/../lib/gcc/arm-none-eabi/12.3.1/../../../../arm-none-eabi/lib/thumb/v6-m/nofp/libc_nano.a
END GROUP
LOAD /Applications/Development/STM32CubeIDE.app/Contents/Eclipse/plugins/com.st.stm32cube.ide.mcu.externaltools.gnu-tools-for-stm32.12.3.rel1.macos64_1.1.0.202410301201/tools/bin/../lib/gcc/arm-none-eabi/12.3.1/thumb/v6-m/nofp/crtend.o
LOAD /Applications/Development/STM32CubeIDE.app/Contents/Eclipse/plugins/com.st.stm32cube.ide.mcu.externaltools.gnu-tools-for-stm32.12.3.rel1.macos64_1.1.0.202410301201/tools/bin/../lib/gcc/arm-none-eabi/12.3.1/thumb/v6-m/nofp/crtn.o
                0x20003000                        _estack = (ORIGIN (RAM) + LENGTH (RAM))
                0x00000200                        _Min_Heap_Size = 0x200
                0x00000400                        _Min_Stack_Size = 0x400

.isr_vector     0x08000000       0xc0
                0x08000000                        . = ALIGN (0x4)
 *(.isr_vector)
 .isr_vector    0x08000000       0xc0 ./Core/Startup/startup_stm32c031c6tx.o
                0x08000000                g_pfnVectors
                0x080000c0                        . = ALIGN (0x4)

.text           0x080000c0     0x3ef8
                0x080000c0                        . = ALIGN (0x4)
 *(.text)
 .text          0x080000c0       0x48 /Applications/Development/STM32CubeIDE.app/Contents/Eclipse/plugins/com.st.stm32cube.ide.mcu.externaltools.gnu-tools-for-stm32.12.3.rel1.macos64_1.1.0.202410301201/tools/bin/../lib/gcc/arm-none-eabi/12.3.1/thumb/v6-m/nofp/crtbegin.o
 .text          0x08000108      0x114 /Applications/Development/STM32CubeIDE.app/Contents/Eclipse/plugins/com.st.stm32cube.ide.mcu.externaltools.gnu-tools-for-stm32.12.3.rel1.macos64_1.1.0.202410301201/tools/bin/../lib/gcc/arm-none-eabi/12.3.1/thumb/v6-m/nofp/libgcc.a(_udivsi3.o)
                0x08000108                __udivsi3
                0x08000108                __aeabi_uidiv
                0x08000214                __aeabi_uidivmod
 .text          0x0800021c        0x4 /Applications/Development/STM32CubeIDE.app/Contents/Eclipse/plugins/com.st.stm32cube.ide.mcu.externaltools.gnu-tools-for-stm32.12.3.rel1.macos64_1.1.0.202410301201/tools/bin/../lib/gcc/arm-none-eabi/12.3.1/thumb/v6-m/nofp/libgcc.a(_dvmd_tls.o)
                0x0800021c                __aeabi_ldiv0
                0x0800021c                __aeabi_idiv0
 *(.text*)
 .text.main     0x08000220       0x60 ./Core/Src/main.o
                0x08000220                main
 .text.SystemClock_Config
                0x08000280       0x90 ./Core/Src/main.o
                0x08000280                SystemClock_Config
 .text.MX_I2C1_Init
                0x08000310       0x80 ./Core/Src/main.o
 .text.MX_GPIO_Init
                0x08000390       0x74 ./Core/Src/main.o
 .text.Error_Handler
                0x08000404        0xc ./Core/Src/main.o
                0x08000404                Error_Handler
 .text.HAL_MspInit
                0x08000410       0x48 ./Core/Src/stm32c0xx_hal_msp.o
                0x08000410                HAL_MspInit
 .text.HAL_I2C_MspInit
                0x08000458       0xd4 ./Core/Src/stm32c0xx_hal_msp.o
                0x08000458                HAL_I2C_MspInit
 .text.NMI_Handler
                0x0800052c        0x8 ./Core/Src/stm32c0xx_it.o
                0x0800052c                NMI_Handler
 .text.HardFault_Handler
                0x08000534        0x8 ./Core/Src/stm32c0xx_it.o
                0x08000534                HardFault_Handler
 .text.SVC_Handler
                0x0800053c        0xa ./Core/Src/stm32c0xx_it.o
                0x0800053c                SVC_Handler
 .text.PendSV_Handler
                0x08000546        0xa ./Core/Src/stm32c0xx_it.o
                0x08000546                PendSV_Handler
 .text.SysTick_Handler
                0x08000550        0xe ./Core/Src/stm32c0xx_it.o
                0x08000550                SysTick_Handler
 .text.EXTI4_15_IRQHandler
                0x0800055e       0x10 ./Core/Src/stm32c0xx_it.o
                0x0800055e                EXTI4_15_IRQHandler
 *fill*         0x0800056e        0x2 
 .text.SystemInit
                0x08000570       0x18 ./Core/Src/system_stm32c0xx.o
                0x08000570                SystemInit
 .text.Reset_Handler
                0x08000588       0x50 ./Core/Startup/startup_stm32c031c6tx.o
                0x08000588                Reset_Handler
 .text.Default_Handler
                0x080005d8        0x2 ./Core/Startup/startup_stm32c031c6tx.o
                0x080005d8                TIM1_BRK_UP_TRG_COM_IRQHandler
                0x080005d8                DMAMUX1_IRQHandler
                0x080005d8                SPI1_IRQHandler
                0x080005d8                EXTI2_3_IRQHandler
                0x080005d8                ADC1_IRQHandler
                0x080005d8                TIM17_IRQHandler
                0x080005d8                RTC_IRQHandler
                0x080005d8                TIM16_IRQHandler
                0x080005d8                TIM3_IRQHandler
                0x080005d8                RCC_IRQHandler
                0x080005d8                DMA1_Channel1_IRQHandler
                0x080005d8                Default_Handler
                0x080005d8                TIM14_IRQHandler
                0x080005d8                EXTI0_1_IRQHandler
                0x080005d8                WWDG_IRQHandler
                0x080005d8                DMA1_Channel2_3_IRQHandler
                0x080005d8                USART2_IRQHandler
                0x080005d8                FLASH_IRQHandler
                0x080005d8                USART1_IRQHandler
                0x080005d8                TIM1_CC_IRQHandler
 *fill*         0x080005da        0x2 
 .text.BSP_LED_Init
                0x080005dc       0xd4 ./Drivers/BSP/STM32C0xx_Nucleo/stm32c0xx_nucleo.o
                0x080005dc                BSP_LED_Init
 .text.BSP_PB_Init
                0x080006b0      0x108 ./Drivers/BSP/STM32C0xx_Nucleo/stm32c0xx_nucleo.o
                0x080006b0                BSP_PB_Init
 .text.BSP_PB_IRQHandler
                0x080007b8       0x30 ./Drivers/BSP/STM32C0xx_Nucleo/stm32c0xx_nucleo.o
                0x080007b8                BSP_PB_IRQHandler
 .text.BSP_PB_Callback
                0x080007e8       0x14 ./Drivers/BSP/STM32C0xx_Nucleo/stm32c0xx_nucleo.o
                0x080007e8                BSP_PB_Callback
 .text.BSP_COM_Init
                0x080007fc       0x64 ./Drivers/BSP/STM32C0xx_Nucleo/stm32c0xx_nucleo.o
                0x080007fc                BSP_COM_Init
 .text.MX_USART2_Init
                0x08000860       0x6c ./Drivers/BSP/STM32C0xx_Nucleo/stm32c0xx_nucleo.o
                0x08000860                MX_USART2_Init
 .text.BUTTON_USER_EXTI_Callback
                0x080008cc       0x10 ./Drivers/BSP/STM32C0xx_Nucleo/stm32c0xx_nucleo.o
 .text.COM1_MspInit
                0x080008dc       0xb0 ./Drivers/BSP/STM32C0xx_Nucleo/stm32c0xx_nucleo.o
 .text.HAL_Init
                0x0800098c       0x2e ./Drivers/STM32C0xx_HAL_Driver/Src/stm32c0xx_hal.o
                0x0800098c                HAL_Init
 *fill*         0x080009ba        0x2 
 .text.HAL_InitTick
                0x080009bc       0x94 ./Drivers/STM32C0xx_HAL_Driver/Src/stm32c0xx_hal.o
                0x080009bc                HAL_InitTick
 .text.HAL_IncTick
                0x08000a50       0x24 ./Drivers/STM32C0xx_HAL_Driver/Src/stm32c0xx_hal.o
                0x08000a50                HAL_IncTick
 .text.HAL_GetTick
                0x08000a74       0x14 ./Drivers/STM32C0xx_HAL_Driver/Src/stm32c0xx_hal.o
                0x08000a74                HAL_GetTick
 .text.__NVIC_EnableIRQ
                0x08000a88       0x34 ./Drivers/STM32C0xx_HAL_Driver/Src/stm32c0xx_hal_cortex.o
 .text.__NVIC_SetPriority
                0x08000abc       0xdc ./Drivers/STM32C0xx_HAL_Driver/Src/stm32c0xx_hal_cortex.o
 .text.SysTick_Config
                0x08000b98       0x48 ./Drivers/STM32C0xx_HAL_Driver/Src/stm32c0xx_hal_cortex.o
 .text.HAL_NVIC_SetPriority
                0x08000be0       0x2a ./Drivers/STM32C0xx_HAL_Driver/Src/stm32c0xx_hal_cortex.o
                0x08000be0                HAL_NVIC_SetPriority
 .text.HAL_NVIC_EnableIRQ
                0x08000c0a       0x20 ./Drivers/STM32C0xx_HAL_Driver/Src/stm32c0xx_hal_cortex.o
                0x08000c0a                HAL_NVIC_EnableIRQ
 .text.HAL_SYSTICK_Config
                0x08000c2a       0x1a ./Drivers/STM32C0xx_HAL_Driver/Src/stm32c0xx_hal_cortex.o
                0x08000c2a                HAL_SYSTICK_Config
 .text.HAL_DMA_Abort_IT
                0x08000c44       0xf4 ./Drivers/STM32C0xx_HAL_Driver/Src/stm32c0xx_hal_dma.o
                0x08000c44                HAL_DMA_Abort_IT
 .text.HAL_DMA_GetState
                0x08000d38       0x18 ./Drivers/STM32C0xx_HAL_Driver/Src/stm32c0xx_hal_dma.o
                0x08000d38                HAL_DMA_GetState
 .text.HAL_EXTI_RegisterCallback
                0x08000d50       0x64 ./Drivers/STM32C0xx_HAL_Driver/Src/stm32c0xx_hal_exti.o
                0x08000d50                HAL_EXTI_RegisterCallback
 .text.HAL_EXTI_GetHandle
                0x08000db4       0x24 ./Drivers/STM32C0xx_HAL_Driver/Src/stm32c0xx_hal_exti.o
                0x08000db4                HAL_EXTI_GetHandle
 .text.HAL_EXTI_IRQHandler
                0x08000dd8       0x94 ./Drivers/STM32C0xx_HAL_Driver/Src/stm32c0xx_hal_exti.o
                0x08000dd8                HAL_EXTI_IRQHandler
 .text.HAL_GPIO_Init
                0x08000e6c      0x2e4 ./Drivers/STM32C0xx_HAL_Driver/Src/stm32c0xx_hal_gpio.o
                0x08000e6c                HAL_GPIO_Init
 .text.HAL_GPIO_WritePin
                0x08001150       0x3a ./Drivers/STM32C0xx_HAL_Driver/Src/stm32c0xx_hal_gpio.o
                0x08001150                HAL_GPIO_WritePin
 *fill*         0x0800118a        0x2 
 .text.HAL_I2C_Init
                0x0800118c      0x14c ./Drivers/STM32C0xx_HAL_Driver/Src/stm32c0xx_hal_i2c.o
                0x0800118c                HAL_I2C_Init
 .text.HAL_I2C_Slave_Seq_Transmit_IT
                0x080012d8      0x180 ./Drivers/STM32C0xx_HAL_Driver/Src/stm32c0xx_hal_i2c.o
                0x080012d8                HAL_I2C_Slave_Seq_Transmit_IT
 .text.HAL_I2C_Slave_Seq_Receive_IT
                0x08001458      0x184 ./Drivers/STM32C0xx_HAL_Driver/Src/stm32c0xx_hal_i2c.o
                0x08001458                HAL_I2C_Slave_Seq_Receive_IT
 .text.HAL_I2C_EnableListen_IT
                0x080015dc       0x44 ./Drivers/STM32C0xx_HAL_Driver/Src/stm32c0xx_hal_i2c.o
                0x080015dc                HAL_I2C_EnableListen_IT
 .text.HAL_I2C_ListenCpltCallback
                0x08001620       0x10 ./Drivers/STM32C0xx_HAL_Driver/Src/stm32c0xx_hal_i2c.o
                0x08001620                HAL_I2C_ListenCpltCallback
 .text.HAL_I2C_ErrorCallback
                0x08001630       0x10 ./Drivers/STM32C0xx_HAL_Driver/Src/stm32c0xx_hal_i2c.o
                0x08001630                HAL_I2C_ErrorCallback
 .text.I2C_Slave_ISR_IT
                0x08001640      0x200 ./Drivers/STM32C0xx_HAL_Driver/Src/stm32c0xx_hal_i2c.o
 .text.I2C_Master_ISR_DMA
                0x08001840      0x1f8 ./Drivers/STM32C0xx_HAL_Driver/Src/stm32c0xx_hal_i2c.o
 .text.I2C_Mem_ISR_DMA
                0x08001a38      0x258 ./Drivers/STM32C0xx_HAL_Driver/Src/stm32c0xx_hal_i2c.o
 .text.I2C_Slave_ISR_DMA
                0x08001c90      0x1d0 ./Drivers/STM32C0xx_HAL_Driver/Src/stm32c0xx_hal_i2c.o
 .text.I2C_ITAddrCplt
                0x08001e60      0x148 ./Drivers/STM32C0xx_HAL_Driver/Src/stm32c0xx_hal_i2c.o
 .text.I2C_ITMasterSeqCplt
                0x08001fa8       0x82 ./Drivers/STM32C0xx_HAL_Driver/Src/stm32c0xx_hal_i2c.o
 *fill*         0x0800202a        0x2 
 .text.I2C_ITSlaveSeqCplt
                0x0800202c       0xc8 ./Drivers/STM32C0xx_HAL_Driver/Src/stm32c0xx_hal_i2c.o
 .text.I2C_ITMasterCplt
                0x080020f4      0x19c ./Drivers/STM32C0xx_HAL_Driver/Src/stm32c0xx_hal_i2c.o
 .text.I2C_ITSlaveCplt
                0x08002290      0x310 ./Drivers/STM32C0xx_HAL_Driver/Src/stm32c0xx_hal_i2c.o
 .text.I2C_ITListenCplt
                0x080025a0       0xb0 ./Drivers/STM32C0xx_HAL_Driver/Src/stm32c0xx_hal_i2c.o
 .text.I2C_ITError
                0x08002650      0x204 ./Drivers/STM32C0xx_HAL_Driver/Src/stm32c0xx_hal_i2c.o
 .text.I2C_TreatErrorCallback
                0x08002854       0x52 ./Drivers/STM32C0xx_HAL_Driver/Src/stm32c0xx_hal_i2c.o
 .text.I2C_Flush_TXDR
                0x080028a6       0x44 ./Drivers/STM32C0xx_HAL_Driver/Src/stm32c0xx_hal_i2c.o
 .text.I2C_DMAAbort
                0x080028ea       0x3e ./Drivers/STM32C0xx_HAL_Driver/Src/stm32c0xx_hal_i2c.o
 .text.I2C_TransferConfig
                0x08002928       0x74 ./Drivers/STM32C0xx_HAL_Driver/Src/stm32c0xx_hal_i2c.o
 .text.I2C_Enable_IRQ
                0x0800299c      0x114 ./Drivers/STM32C0xx_HAL_Driver/Src/stm32c0xx_hal_i2c.o
 .text.I2C_Disable_IRQ
                0x08002ab0       0xc6 ./Drivers/STM32C0xx_HAL_Driver/Src/stm32c0xx_hal_i2c.o
 *fill*         0x08002b76        0x2 
 .text.HAL_I2CEx_ConfigAnalogFilter
                0x08002b78       0x98 ./Drivers/STM32C0xx_HAL_Driver/Src/stm32c0xx_hal_i2c_ex.o
                0x08002b78                HAL_I2CEx_ConfigAnalogFilter
 .text.HAL_I2CEx_ConfigDigitalFilter
                0x08002c10       0x98 ./Drivers/STM32C0xx_HAL_Driver/Src/stm32c0xx_hal_i2c_ex.o
                0x08002c10                HAL_I2CEx_ConfigDigitalFilter
 .text.HAL_RCC_OscConfig
                0x08002ca8      0x3c8 ./Drivers/STM32C0xx_HAL_Driver/Src/stm32c0xx_hal_rcc.o
                0x08002ca8                HAL_RCC_OscConfig
 .text.HAL_RCC_ClockConfig
                0x08003070      0x200 ./Drivers/STM32C0xx_HAL_Driver/Src/stm32c0xx_hal_rcc.o
                0x08003070                HAL_RCC_ClockConfig
 .text.HAL_RCC_GetSysClockFreq
                0x08003270       0x80 ./Drivers/STM32C0xx_HAL_Driver/Src/stm32c0xx_hal_rcc.o
                0x08003270                HAL_RCC_GetSysClockFreq
 .text.HAL_RCC_GetHCLKFreq
                0x080032f0       0x3c ./Drivers/STM32C0xx_HAL_Driver/Src/stm32c0xx_hal_rcc.o
                0x080032f0                HAL_RCC_GetHCLKFreq
 .text.HAL_RCC_GetPCLK1Freq
                0x0800332c       0x30 ./Drivers/STM32C0xx_HAL_Driver/Src/stm32c0xx_hal_rcc.o
                0x0800332c                HAL_RCC_GetPCLK1Freq
 .text.HAL_RCCEx_PeriphCLKConfig
                0x0800335c      0x1d8 ./Drivers/STM32C0xx_HAL_Driver/Src/stm32c0xx_hal_rcc_ex.o
                0x0800335c                HAL_RCCEx_PeriphCLKConfig
 .text.HAL_UART_Init
                0x08003534       0xac ./Drivers/STM32C0xx_HAL_Driver/Src/stm32c0xx_hal_uart.o
                0x08003534                HAL_UART_Init
 .text.HAL_UART_MspInit
                0x080035e0       0x10 ./Drivers/STM32C0xx_HAL_Driver/Src/stm32c0xx_hal_uart.o
                0x080035e0                HAL_UART_MspInit
 .text.UART_SetConfig
                0x080035f0      0x2fc ./Drivers/STM32C0xx_HAL_Driver/Src/stm32c0xx_hal_uart.o
                0x080035f0                UART_SetConfig
 .text.UART_AdvFeatureConfig
                0x080038ec      0x168 ./Drivers/STM32C0xx_HAL_Driver/Src/stm32c0xx_hal_uart.o
                0x080038ec                UART_AdvFeatureConfig
 .text.UART_CheckIdleState
                0x08003a54      0x154 ./Drivers/STM32C0xx_HAL_Driver/Src/stm32c0xx_hal_uart.o
                0x08003a54                UART_CheckIdleState
 .text.UART_WaitOnFlagUntilTimeout
                0x08003ba8       0xde ./Drivers/STM32C0xx_HAL_Driver/Src/stm32c0xx_hal_uart.o
                0x08003ba8                UART_WaitOnFlagUntilTimeout
 *fill*         0x08003c86        0x2 
 .text.UART_EndRxTransfer
                0x08003c88       0xcc ./Drivers/STM32C0xx_HAL_Driver/Src/stm32c0xx_hal_uart.o
 .text.mazeMain
                0x08003d54       0x64 ./Firmware/OwnAddr.o
                0x08003d54                mazeMain
 .text.I2C1_IRQHandler
                0x08003db8       0x30 ./Firmware/OwnAddr.o
                0x08003db8                I2C1_IRQHandler
 .text._Z10do_nothingv
                0x08003de8        0x8 ./Firmware/OwnAddr.o
                0x08003de8                do_nothing()
 .text.HAL_I2C_AddrCallback
                0x08003df0       0x70 ./Firmware/OwnAddr.o
                0x08003df0                HAL_I2C_AddrCallback
 .text.HAL_I2C_MasterTxCpltCallback
                0x08003e60       0x14 ./Firmware/OwnAddr.o
                0x08003e60                HAL_I2C_MasterTxCpltCallback
 .text.HAL_I2C_MasterRxCpltCallback
                0x08003e74       0x14 ./Firmware/OwnAddr.o
                0x08003e74                HAL_I2C_MasterRxCpltCallback
 .text.HAL_I2C_SlaveTxCpltCallback
                0x08003e88       0x1c ./Firmware/OwnAddr.o
                0x08003e88                HAL_I2C_SlaveTxCpltCallback
 .text.HAL_I2C_SlaveRxCpltCallback
                0x08003ea4       0x1c ./Firmware/OwnAddr.o
                0x08003ea4                HAL_I2C_SlaveRxCpltCallback
 .text.HAL_I2C_MemTxCpltCallback
                0x08003ec0       0x14 ./Firmware/OwnAddr.o
                0x08003ec0                HAL_I2C_MemTxCpltCallback
 .text.HAL_I2C_MemRxCpltCallback
                0x08003ed4       0x14 ./Firmware/OwnAddr.o
                0x08003ed4                HAL_I2C_MemRxCpltCallback
 .text.HAL_I2C_AbortCpltCallback
                0x08003ee8       0x14 ./Firmware/OwnAddr.o
                0x08003ee8                HAL_I2C_AbortCpltCallback
 .text._Z41__static_initialization_and_destruction_0ii
                0x08003efc       0x34 ./Firmware/OwnAddr.o
 .text._GLOBAL__sub_I_registers
                0x08003f30       0x18 ./Firmware/OwnAddr.o
 .text.memset   0x08003f48       0x10 /Applications/Development/STM32CubeIDE.app/Contents/Eclipse/plugins/com.st.stm32cube.ide.mcu.externaltools.gnu-tools-for-stm32.12.3.rel1.macos64_1.1.0.202410301201/tools/bin/../lib/gcc/arm-none-eabi/12.3.1/../../../../arm-none-eabi/lib/thumb/v6-m/nofp/libc_nano.a(libc_a-memset.o)
                0x08003f48                memset
 .text.__libc_init_array
                0x08003f58       0x48 /Applications/Development/STM32CubeIDE.app/Contents/Eclipse/plugins/com.st.stm32cube.ide.mcu.externaltools.gnu-tools-for-stm32.12.3.rel1.macos64_1.1.0.202410301201/tools/bin/../lib/gcc/arm-none-eabi/12.3.1/../../../../arm-none-eabi/lib/thumb/v6-m/nofp/libc_nano.a(libc_a-init.o)
                0x08003f58                __libc_init_array
 *(.glue_7)
 .glue_7        0x08003fa0        0x0 linker stubs
 *(.glue_7t)
 .glue_7t       0x08003fa0        0x0 linker stubs
 *(.eh_frame)
 .eh_frame      0x08003fa0        0x0 /Applications/Development/STM32CubeIDE.app/Contents/Eclipse/plugins/com.st.stm32cube.ide.mcu.externaltools.gnu-tools-for-stm32.12.3.rel1.macos64_1.1.0.202410301201/tools/bin/../lib/gcc/arm-none-eabi/12.3.1/thumb/v6-m/nofp/crtbegin.o
 *(.init)
 .init          0x08003fa0        0x4 /Applications/Development/STM32CubeIDE.app/Contents/Eclipse/plugins/com.st.stm32cube.ide.mcu.externaltools.gnu-tools-for-stm32.12.3.rel1.macos64_1.1.0.202410301201/tools/bin/../lib/gcc/arm-none-eabi/12.3.1/thumb/v6-m/nofp/crti.o
                0x08003fa0                _init
 .init          0x08003fa4        0x8 /Applications/Development/STM32CubeIDE.app/Contents/Eclipse/plugins/com.st.stm32cube.ide.mcu.externaltools.gnu-tools-for-stm32.12.3.rel1.macos64_1.1.0.202410301201/tools/bin/../lib/gcc/arm-none-eabi/12.3.1/thumb/v6-m/nofp/crtn.o
 *(.fini)
 .fini          0x08003fac        0x4 /Applications/Development/STM32CubeIDE.app/Contents/Eclipse/plugins/com.st.stm32cube.ide.mcu.externaltools.gnu-tools-for-stm32.12.3.rel1.macos64_1.1.0.202410301201/tools/bin/../lib/gcc/arm-none-eabi/12.3.1/thumb/v6-m/nofp/crti.o
                0x08003fac                _fini
 .fini          0x08003fb0        0x8 /Applications/Development/STM32CubeIDE.app/Contents/Eclipse/plugins/com.st.stm32cube.ide.mcu.externaltools.gnu-tools-for-stm32.12.3.rel1.macos64_1.1.0.202410301201/tools/bin/../lib/gcc/arm-none-eabi/12.3.1/thumb/v6-m/nofp/crtn.o
                0x08003fb8                        . = ALIGN (0x4)
                0x08003fb8                        _etext = .

.vfp11_veneer   0x08003fb8        0x0
 .vfp11_veneer  0x08003fb8        0x0 linker stubs

.v4_bx          0x08003fb8        0x0
 .v4_bx         0x08003fb8        0x0 linker stubs

.iplt           0x08003fb8        0x0
 .iplt          0x08003fb8        0x0 /Applications/Development/STM32CubeIDE.app/Contents/Eclipse/plugins/com.st.stm32cube.ide.mcu.externaltools.gnu-tools-for-stm32.12.3.rel1.macos64_1.1.0.202410301201/tools/bin/../lib/gcc/arm-none-eabi/12.3.1/thumb/v6-m/nofp/crtbegin.o

.rodata         0x08003fb8       0x80
                0x08003fb8                        . = ALIGN (0x4)
 *(.rodata)
 *(.rodata*)
 .rodata.AHBPrescTable
                0x08003fb8       0x40 ./Core/Src/system_stm32c0xx.o
                0x08003fb8                AHBPrescTable
 .rodata.APBPrescTable
                0x08003ff8       0x20 ./Core/Src/system_stm32c0xx.o
                0x08003ff8                APBPrescTable
 .rodata.LED_PIN
                0x08004018        0x4 ./Drivers/BSP/STM32C0xx_Nucleo/stm32c0xx_nucleo.o
 .rodata.BUTTON_EXTI_LINE.2
                0x0800401c        0x4 ./Drivers/BSP/STM32C0xx_Nucleo/stm32c0xx_nucleo.o
 .rodata.UARTPrescTable
                0x08004020       0x18 ./Drivers/STM32C0xx_HAL_Driver/Src/stm32c0xx_hal_uart.o
                0x08004020                UARTPrescTable
                0x08004038                        . = ALIGN (0x4)

.ARM.extab      0x08004038        0x0
                0x08004038                        . = ALIGN (0x4)
 *(.ARM.extab* .gnu.linkonce.armextab.*)
                0x08004038                        . = ALIGN (0x4)

.ARM            0x08004038        0x0
                0x08004038                        . = ALIGN (0x4)
                0x08004038                        __exidx_start = .
 *(.ARM.exidx*)
                0x08004038                        __exidx_end = .
                0x08004038                        . = ALIGN (0x4)

.preinit_array  0x08004038        0x0
                0x08004038                        . = ALIGN (0x4)
                0x08004038                        PROVIDE (__preinit_array_start = .)
 *(.preinit_array*)
                0x08004038                        PROVIDE (__preinit_array_end = .)
                0x08004038                        . = ALIGN (0x4)

.init_array     0x08004038        0x8
                0x08004038                        . = ALIGN (0x4)
                0x08004038                        PROVIDE (__init_array_start = .)
 *(SORT_BY_NAME(.init_array.*))
 *(.init_array*)
 .init_array    0x08004038        0x4 /Applications/Development/STM32CubeIDE.app/Contents/Eclipse/plugins/com.st.stm32cube.ide.mcu.externaltools.gnu-tools-for-stm32.12.3.rel1.macos64_1.1.0.202410301201/tools/bin/../lib/gcc/arm-none-eabi/12.3.1/thumb/v6-m/nofp/crtbegin.o
 .init_array    0x0800403c        0x4 ./Firmware/OwnAddr.o
                0x08004040                        PROVIDE (__init_array_end = .)
                0x08004040                        . = ALIGN (0x4)

.fini_array     0x08004040        0x4
                0x08004040                        . = ALIGN (0x4)
                [!provide]                        PROVIDE (__fini_array_start = .)
 *(SORT_BY_NAME(.fini_array.*))
 *(.fini_array*)
 .fini_array    0x08004040        0x4 /Applications/Development/STM32CubeIDE.app/Contents/Eclipse/plugins/com.st.stm32cube.ide.mcu.externaltools.gnu-tools-for-stm32.12.3.rel1.macos64_1.1.0.202410301201/tools/bin/../lib/gcc/arm-none-eabi/12.3.1/thumb/v6-m/nofp/crtbegin.o
                [!provide]                        PROVIDE (__fini_array_end = .)
                0x08004044                        . = ALIGN (0x4)
                0x08004044                        _sidata = LOADADDR (.data)

.rel.dyn        0x08004044        0x0
 .rel.iplt      0x08004044        0x0 /Applications/Development/STM32CubeIDE.app/Contents/Eclipse/plugins/com.st.stm32cube.ide.mcu.externaltools.gnu-tools-for-stm32.12.3.rel1.macos64_1.1.0.202410301201/tools/bin/../lib/gcc/arm-none-eabi/12.3.1/thumb/v6-m/nofp/crtbegin.o

.data           0x20000000       0x38 load address 0x08004044
                0x20000000                        . = ALIGN (0x4)
                0x20000000                        _sdata = .
 *(.data)
 *(.data*)
 .data.SystemCoreClock
                0x20000000        0x4 ./Core/Src/system_stm32c0xx.o
                0x20000000                SystemCoreClock
 .data.COM_USART
                0x20000004        0x4 ./Drivers/BSP/STM32C0xx_Nucleo/stm32c0xx_nucleo.o
                0x20000004                COM_USART
 .data.LED_PORT
                0x20000008        0x8 ./Drivers/BSP/STM32C0xx_Nucleo/stm32c0xx_nucleo.o
 .data.BUTTON_PORT
                0x20000010        0x4 ./Drivers/BSP/STM32C0xx_Nucleo/stm32c0xx_nucleo.o
 .data.ButtonCallback.1
                0x20000014        0x4 ./Drivers/BSP/STM32C0xx_Nucleo/stm32c0xx_nucleo.o
 .data.BSP_BUTTON_PRIO.0
                0x20000018        0x4 ./Drivers/BSP/STM32C0xx_Nucleo/stm32c0xx_nucleo.o
 .data.uwTickPrio
                0x2000001c        0x4 ./Drivers/STM32C0xx_HAL_Driver/Src/stm32c0xx_hal.o
                0x2000001c                uwTickPrio
 .data.uwTickFreq
                0x20000020        0x1 ./Drivers/STM32C0xx_HAL_Driver/Src/stm32c0xx_hal.o
                0x20000020                uwTickFreq
 *fill*         0x20000021        0x3 
 .data.registers
                0x20000024        0x4 ./Firmware/OwnAddr.o
                0x20000024                registers
 .data.SystemRegisters
                0x20000028       0x10 ./Firmware/Registers.o
                0x20000028                SystemRegisters
 *(.RamFunc)
 *(.RamFunc*)
                0x20000038                        . = ALIGN (0x4)
                0x20000038                        _edata = .

.igot.plt       0x20000038        0x0 load address 0x0800407c
 .igot.plt      0x20000038        0x0 /Applications/Development/STM32CubeIDE.app/Contents/Eclipse/plugins/com.st.stm32cube.ide.mcu.externaltools.gnu-tools-for-stm32.12.3.rel1.macos64_1.1.0.202410301201/tools/bin/../lib/gcc/arm-none-eabi/12.3.1/thumb/v6-m/nofp/crtbegin.o
                0x20000038                        . = ALIGN (0x4)

.bss            0x20000038      0x13c load address 0x0800407c
                0x20000038                        _sbss = .
                0x20000038                        __bss_start__ = _sbss
 *(.bss)
 .bss           0x20000038       0x1c /Applications/Development/STM32CubeIDE.app/Contents/Eclipse/plugins/com.st.stm32cube.ide.mcu.externaltools.gnu-tools-for-stm32.12.3.rel1.macos64_1.1.0.202410301201/tools/bin/../lib/gcc/arm-none-eabi/12.3.1/thumb/v6-m/nofp/crtbegin.o
 *(.bss*)
 .bss.BspCOMInit
                0x20000054       0x10 ./Core/Src/main.o
                0x20000054                BspCOMInit
 .bss.hi2c1     0x20000064       0x54 ./Core/Src/main.o
                0x20000064                hi2c1
 .bss.hpb_exti  0x200000b8        0xc ./Drivers/BSP/STM32C0xx_Nucleo/stm32c0xx_nucleo.o
                0x200000b8                hpb_exti
 .bss.hcom_uart
                0x200000c4       0x94 ./Drivers/BSP/STM32C0xx_Nucleo/stm32c0xx_nucleo.o
                0x200000c4                hcom_uart
 .bss.uwTick    0x20000158        0x4 ./Drivers/STM32C0xx_HAL_Driver/Src/stm32c0xx_hal.o
                0x20000158                uwTick
 .bss.rxDone    0x2000015c        0x1 ./Firmware/OwnAddr.o
                0x2000015c                rxDone
 .bss.txDone    0x2000015d        0x1 ./Firmware/OwnAddr.o
                0x2000015d                txDone
 *fill*         0x2000015e        0x2 
 .bss.rxBuffer  0x20000160       0x10 ./Firmware/OwnAddr.o
                0x20000160                rxBuffer
 .bss.txBuffer  0x20000170        0x4 ./Firmware/OwnAddr.o
                0x20000170                txBuffer
 *(COMMON)
                0x20000174                        . = ALIGN (0x4)
                0x20000174                        _ebss = .
                0x20000174                        __bss_end__ = _ebss

._user_heap_stack
                0x20000174      0x604 load address 0x0800407c
                0x20000178                        . = ALIGN (0x8)
 *fill*         0x20000174        0x4 
                [!provide]                        PROVIDE (end = .)
                0x20000178                        PROVIDE (_end = .)
                0x20000378                        . = (. + _Min_Heap_Size)
 *fill*         0x20000178      0x200 
                0x20000778                        . = (. + _Min_Stack_Size)
 *fill*         0x20000378      0x400 
                0x20000778                        . = ALIGN (0x8)

/DISCARD/
 libc.a(*)
 libm.a(*)
 libgcc.a(*)

.ARM.attributes
                0x00000000       0x28
 *(.ARM.attributes)
 .ARM.attributes
                0x00000000       0x1e /Applications/Development/STM32CubeIDE.app/Contents/Eclipse/plugins/com.st.stm32cube.ide.mcu.externaltools.gnu-tools-for-stm32.12.3.rel1.macos64_1.1.0.202410301201/tools/bin/../lib/gcc/arm-none-eabi/12.3.1/thumb/v6-m/nofp/crti.o
 .ARM.attributes
                0x0000001e       0x2c /Applications/Development/STM32CubeIDE.app/Contents/Eclipse/plugins/com.st.stm32cube.ide.mcu.externaltools.gnu-tools-for-stm32.12.3.rel1.macos64_1.1.0.202410301201/tools/bin/../lib/gcc/arm-none-eabi/12.3.1/thumb/v6-m/nofp/crtbegin.o
 .ARM.attributes
                0x0000004a       0x2c ./Core/Src/main.o
 .ARM.attributes
                0x00000076       0x2c ./Core/Src/stm32c0xx_hal_msp.o
 .ARM.attributes
                0x000000a2       0x2c ./Core/Src/stm32c0xx_it.o
 .ARM.attributes
                0x000000ce       0x2c ./Core/Src/system_stm32c0xx.o
 .ARM.attributes
                0x000000fa       0x22 ./Core/Startup/startup_stm32c031c6tx.o
 .ARM.attributes
                0x0000011c       0x2c ./Drivers/BSP/STM32C0xx_Nucleo/stm32c0xx_nucleo.o
 .ARM.attributes
                0x00000148       0x2c ./Drivers/STM32C0xx_HAL_Driver/Src/stm32c0xx_hal.o
 .ARM.attributes
                0x00000174       0x2c ./Drivers/STM32C0xx_HAL_Driver/Src/stm32c0xx_hal_cortex.o
 .ARM.attributes
                0x000001a0       0x2c ./Drivers/STM32C0xx_HAL_Driver/Src/stm32c0xx_hal_dma.o
 .ARM.attributes
                0x000001cc       0x2c ./Drivers/STM32C0xx_HAL_Driver/Src/stm32c0xx_hal_exti.o
 .ARM.attributes
                0x000001f8       0x2c ./Drivers/STM32C0xx_HAL_Driver/Src/stm32c0xx_hal_gpio.o
 .ARM.attributes
                0x00000224       0x2c ./Drivers/STM32C0xx_HAL_Driver/Src/stm32c0xx_hal_i2c.o
 .ARM.attributes
                0x00000250       0x2c ./Drivers/STM32C0xx_HAL_Driver/Src/stm32c0xx_hal_i2c_ex.o
 .ARM.attributes
                0x0000027c       0x2c ./Drivers/STM32C0xx_HAL_Driver/Src/stm32c0xx_hal_rcc.o
 .ARM.attributes
                0x000002a8       0x2c ./Drivers/STM32C0xx_HAL_Driver/Src/stm32c0xx_hal_rcc_ex.o
 .ARM.attributes
                0x000002d4       0x2c ./Drivers/STM32C0xx_HAL_Driver/Src/stm32c0xx_hal_uart.o
 .ARM.attributes
                0x00000300       0x2c ./Firmware/OwnAddr.o
 .ARM.attributes
                0x0000032c       0x2c ./Firmware/Registers.o
 .ARM.attributes
                0x00000358       0x2c /Applications/Development/STM32CubeIDE.app/Contents/Eclipse/plugins/com.st.stm32cube.ide.mcu.externaltools.gnu-tools-for-stm32.12.3.rel1.macos64_1.1.0.202410301201/tools/bin/../lib/gcc/arm-none-eabi/12.3.1/../../../../arm-none-eabi/lib/thumb/v6-m/nofp/libc_nano.a(libc_a-memset.o)
 .ARM.attributes
                0x00000384       0x2c /Applications/Development/STM32CubeIDE.app/Contents/Eclipse/plugins/com.st.stm32cube.ide.mcu.externaltools.gnu-tools-for-stm32.12.3.rel1.macos64_1.1.0.202410301201/tools/bin/../lib/gcc/arm-none-eabi/12.3.1/../../../../arm-none-eabi/lib/thumb/v6-m/nofp/libc_nano.a(libc_a-init.o)
 .ARM.attributes
                0x000003b0       0x1e /Applications/Development/STM32CubeIDE.app/Contents/Eclipse/plugins/com.st.stm32cube.ide.mcu.externaltools.gnu-tools-for-stm32.12.3.rel1.macos64_1.1.0.202410301201/tools/bin/../lib/gcc/arm-none-eabi/12.3.1/thumb/v6-m/nofp/libgcc.a(_udivsi3.o)
 .ARM.attributes
                0x000003ce       0x1e /Applications/Development/STM32CubeIDE.app/Contents/Eclipse/plugins/com.st.stm32cube.ide.mcu.externaltools.gnu-tools-for-stm32.12.3.rel1.macos64_1.1.0.202410301201/tools/bin/../lib/gcc/arm-none-eabi/12.3.1/thumb/v6-m/nofp/libgcc.a(_dvmd_tls.o)
 .ARM.attributes
                0x000003ec       0x1e /Applications/Development/STM32CubeIDE.app/Contents/Eclipse/plugins/com.st.stm32cube.ide.mcu.externaltools.gnu-tools-for-stm32.12.3.rel1.macos64_1.1.0.202410301201/tools/bin/../lib/gcc/arm-none-eabi/12.3.1/thumb/v6-m/nofp/crtn.o
OUTPUT(OwnAddress.elf elf32-littlearm)
LOAD linker stubs
LOAD /Applications/Development/STM32CubeIDE.app/Contents/Eclipse/plugins/com.st.stm32cube.ide.mcu.externaltools.gnu-tools-for-stm32.12.3.rel1.macos64_1.1.0.202410301201/tools/bin/../lib/gcc/arm-none-eabi/12.3.1/../../../../arm-none-eabi/lib/thumb/v6-m/nofp/libc.a
LOAD /Applications/Development/STM32CubeIDE.app/Contents/Eclipse/plugins/com.st.stm32cube.ide.mcu.externaltools.gnu-tools-for-stm32.12.3.rel1.macos64_1.1.0.202410301201/tools/bin/../lib/gcc/arm-none-eabi/12.3.1/../../../../arm-none-eabi/lib/thumb/v6-m/nofp/libm.a
LOAD /Applications/Development/STM32CubeIDE.app/Contents/Eclipse/plugins/com.st.stm32cube.ide.mcu.externaltools.gnu-tools-for-stm32.12.3.rel1.macos64_1.1.0.202410301201/tools/bin/../lib/gcc/arm-none-eabi/12.3.1/thumb/v6-m/nofp/libgcc.a

.debug_info     0x00000000     0xe63c
 .debug_info    0x00000000      0xded ./Core/Src/main.o
 .debug_info    0x00000ded      0xb88 ./Core/Src/stm32c0xx_hal_msp.o
 .debug_info    0x00001975      0x122 ./Core/Src/stm32c0xx_it.o
 .debug_info    0x00001a97      0x373 ./Core/Src/system_stm32c0xx.o
 .debug_info    0x00001e0a       0x30 ./Core/Startup/startup_stm32c031c6tx.o
 .debug_info    0x00001e3a     0x1523 ./Drivers/BSP/STM32C0xx_Nucleo/stm32c0xx_nucleo.o
 .debug_info    0x0000335d      0x832 ./Drivers/STM32C0xx_HAL_Driver/Src/stm32c0xx_hal.o
 .debug_info    0x00003b8f      0x87b ./Drivers/STM32C0xx_HAL_Driver/Src/stm32c0xx_hal_cortex.o
 .debug_info    0x0000440a      0x830 ./Drivers/STM32C0xx_HAL_Driver/Src/stm32c0xx_hal_dma.o
 .debug_info    0x00004c3a      0x63f ./Drivers/STM32C0xx_HAL_Driver/Src/stm32c0xx_hal_exti.o
 .debug_info    0x00005279      0x5b7 ./Drivers/STM32C0xx_HAL_Driver/Src/stm32c0xx_hal_gpio.o
 .debug_info    0x00005830     0x21b8 ./Drivers/STM32C0xx_HAL_Driver/Src/stm32c0xx_hal_i2c.o
 .debug_info    0x000079e8      0x9cd ./Drivers/STM32C0xx_HAL_Driver/Src/stm32c0xx_hal_i2c_ex.o
 .debug_info    0x000083b5      0x903 ./Drivers/STM32C0xx_HAL_Driver/Src/stm32c0xx_hal_rcc.o
 .debug_info    0x00008cb8      0x551 ./Drivers/STM32C0xx_HAL_Driver/Src/stm32c0xx_hal_rcc_ex.o
 .debug_info    0x00009209     0x47f1 ./Drivers/STM32C0xx_HAL_Driver/Src/stm32c0xx_hal_uart.o
 .debug_info    0x0000d9fa      0xab5 ./Firmware/OwnAddr.o
 .debug_info    0x0000e4af      0x18d ./Firmware/Registers.o

.debug_abbrev   0x00000000     0x2388
 .debug_abbrev  0x00000000      0x275 ./Core/Src/main.o
 .debug_abbrev  0x00000275      0x200 ./Core/Src/stm32c0xx_hal_msp.o
 .debug_abbrev  0x00000475       0xbc ./Core/Src/stm32c0xx_it.o
 .debug_abbrev  0x00000531      0x119 ./Core/Src/system_stm32c0xx.o
 .debug_abbrev  0x0000064a       0x24 ./Core/Startup/startup_stm32c031c6tx.o
 .debug_abbrev  0x0000066e      0x326 ./Drivers/BSP/STM32C0xx_Nucleo/stm32c0xx_nucleo.o
 .debug_abbrev  0x00000994      0x2cb ./Drivers/STM32C0xx_HAL_Driver/Src/stm32c0xx_hal.o
 .debug_abbrev  0x00000c5f      0x2b7 ./Drivers/STM32C0xx_HAL_Driver/Src/stm32c0xx_hal_cortex.o
 .debug_abbrev  0x00000f16      0x1dc ./Drivers/STM32C0xx_HAL_Driver/Src/stm32c0xx_hal_dma.o
 .debug_abbrev  0x000010f2      0x165 ./Drivers/STM32C0xx_HAL_Driver/Src/stm32c0xx_hal_exti.o
 .debug_abbrev  0x00001257      0x1d6 ./Drivers/STM32C0xx_HAL_Driver/Src/stm32c0xx_hal_gpio.o
 .debug_abbrev  0x0000142d      0x26e ./Drivers/STM32C0xx_HAL_Driver/Src/stm32c0xx_hal_i2c.o
 .debug_abbrev  0x0000169b      0x1e3 ./Drivers/STM32C0xx_HAL_Driver/Src/stm32c0xx_hal_i2c_ex.o
 .debug_abbrev  0x0000187e      0x28b ./Drivers/STM32C0xx_HAL_Driver/Src/stm32c0xx_hal_rcc.o
 .debug_abbrev  0x00001b09      0x225 ./Drivers/STM32C0xx_HAL_Driver/Src/stm32c0xx_hal_rcc_ex.o
 .debug_abbrev  0x00001d2e      0x314 ./Drivers/STM32C0xx_HAL_Driver/Src/stm32c0xx_hal_uart.o
 .debug_abbrev  0x00002042      0x299 ./Firmware/OwnAddr.o
 .debug_abbrev  0x000022db       0xad ./Firmware/Registers.o

.debug_aranges  0x00000000      0xbb8
 .debug_aranges
                0x00000000       0x40 ./Core/Src/main.o
 .debug_aranges
                0x00000040       0x30 ./Core/Src/stm32c0xx_hal_msp.o
 .debug_aranges
                0x00000070       0x48 ./Core/Src/stm32c0xx_it.o
 .debug_aranges
                0x000000b8       0x28 ./Core/Src/system_stm32c0xx.o
 .debug_aranges
                0x000000e0       0x28 ./Core/Startup/startup_stm32c031c6tx.o
 .debug_aranges
                0x00000108       0xc8 ./Drivers/BSP/STM32C0xx_Nucleo/stm32c0xx_nucleo.o
 .debug_aranges
                0x000001d0      0x100 ./Drivers/STM32C0xx_HAL_Driver/Src/stm32c0xx_hal.o
 .debug_aranges
                0x000002d0       0xe8 ./Drivers/STM32C0xx_HAL_Driver/Src/stm32c0xx_hal_cortex.o
 .debug_aranges
                0x000003b8       0x90 ./Drivers/STM32C0xx_HAL_Driver/Src/stm32c0xx_hal_dma.o
 .debug_aranges
                0x00000448       0x60 ./Drivers/STM32C0xx_HAL_Driver/Src/stm32c0xx_hal_exti.o
 .debug_aranges
                0x000004a8       0x68 ./Drivers/STM32C0xx_HAL_Driver/Src/stm32c0xx_hal_gpio.o
 .debug_aranges
                0x00000510      0x2a0 ./Drivers/STM32C0xx_HAL_Driver/Src/stm32c0xx_hal_i2c.o
 .debug_aranges
                0x000007b0       0x48 ./Drivers/STM32C0xx_HAL_Driver/Src/stm32c0xx_hal_i2c_ex.o
 .debug_aranges
                0x000007f8       0xa0 ./Drivers/STM32C0xx_HAL_Driver/Src/stm32c0xx_hal_rcc.o
 .debug_aranges
                0x00000898       0x40 ./Drivers/STM32C0xx_HAL_Driver/Src/stm32c0xx_hal_rcc_ex.o
 .debug_aranges
                0x000008d8      0x248 ./Drivers/STM32C0xx_HAL_Driver/Src/stm32c0xx_hal_uart.o
 .debug_aranges
                0x00000b20       0x80 ./Firmware/OwnAddr.o
 .debug_aranges
                0x00000ba0       0x18 ./Firmware/Registers.o

.debug_rnglists
                0x00000000      0x909
 .debug_rnglists
                0x00000000       0x2d ./Core/Src/main.o
 .debug_rnglists
                0x0000002d       0x20 ./Core/Src/stm32c0xx_hal_msp.o
 .debug_rnglists
                0x0000004d       0x31 ./Core/Src/stm32c0xx_it.o
 .debug_rnglists
                0x0000007e       0x1a ./Core/Src/system_stm32c0xx.o
 .debug_rnglists
                0x00000098       0x19 ./Core/Startup/startup_stm32c031c6tx.o
 .debug_rnglists
                0x000000b1       0x95 ./Drivers/BSP/STM32C0xx_Nucleo/stm32c0xx_nucleo.o
 .debug_rnglists
                0x00000146       0xbc ./Drivers/STM32C0xx_HAL_Driver/Src/stm32c0xx_hal.o
 .debug_rnglists
                0x00000202       0xaa ./Drivers/STM32C0xx_HAL_Driver/Src/stm32c0xx_hal_cortex.o
 .debug_rnglists
                0x000002ac       0x72 ./Drivers/STM32C0xx_HAL_Driver/Src/stm32c0xx_hal_dma.o
 .debug_rnglists
                0x0000031e       0x47 ./Drivers/STM32C0xx_HAL_Driver/Src/stm32c0xx_hal_exti.o
 .debug_rnglists
                0x00000365       0x4b ./Drivers/STM32C0xx_HAL_Driver/Src/stm32c0xx_hal_gpio.o
 .debug_rnglists
                0x000003b0      0x229 ./Drivers/STM32C0xx_HAL_Driver/Src/stm32c0xx_hal_i2c.o
 .debug_rnglists
                0x000005d9       0x35 ./Drivers/STM32C0xx_HAL_Driver/Src/stm32c0xx_hal_i2c_ex.o
 .debug_rnglists
                0x0000060e       0x78 ./Drivers/STM32C0xx_HAL_Driver/Src/stm32c0xx_hal_rcc.o
 .debug_rnglists
                0x00000686       0x2d ./Drivers/STM32C0xx_HAL_Driver/Src/stm32c0xx_hal_rcc_ex.o
 .debug_rnglists
                0x000006b3      0x1fb ./Drivers/STM32C0xx_HAL_Driver/Src/stm32c0xx_hal_uart.o
 .debug_rnglists
                0x000008ae       0x5b ./Firmware/OwnAddr.o

.debug_macro    0x00000000    0x14795
 .debug_macro   0x00000000      0x2dd ./Core/Src/main.o
 .debug_macro   0x000002dd      0xa90 ./Core/Src/main.o
 .debug_macro   0x00000d6d       0x2e ./Core/Src/main.o
 .debug_macro   0x00000d9b       0x28 ./Core/Src/main.o
 .debug_macro   0x00000dc3       0x22 ./Core/Src/main.o
 .debug_macro   0x00000de5       0x8e ./Core/Src/main.o
 .debug_macro   0x00000e73       0x51 ./Core/Src/main.o
 .debug_macro   0x00000ec4      0x103 ./Core/Src/main.o
 .debug_macro   0x00000fc7       0x6a ./Core/Src/main.o
 .debug_macro   0x00001031      0x1df ./Core/Src/main.o
 .debug_macro   0x00001210       0x1c ./Core/Src/main.o
 .debug_macro   0x0000122c       0x22 ./Core/Src/main.o
 .debug_macro   0x0000124e       0xd1 ./Core/Src/main.o
 .debug_macro   0x0000131f      0x4da ./Core/Src/main.o
 .debug_macro   0x000017f9      0x11f ./Core/Src/main.o
 .debug_macro   0x00001918     0x93cf ./Core/Src/main.o
 .debug_macro   0x0000ace7       0x6d ./Core/Src/main.o
 .debug_macro   0x0000ad54      0x175 ./Core/Src/main.o
 .debug_macro   0x0000aec9       0xe9 ./Core/Src/main.o
 .debug_macro   0x0000afb2     0x3440 ./Core/Src/main.o
 .debug_macro   0x0000e3f2      0x189 ./Core/Src/main.o
 .debug_macro   0x0000e57b       0x5b ./Core/Src/main.o
 .debug_macro   0x0000e5d6      0x366 ./Core/Src/main.o
 .debug_macro   0x0000e93c      0xb47 ./Core/Src/main.o
 .debug_macro   0x0000f483      0x145 ./Core/Src/main.o
 .debug_macro   0x0000f5c8      0x15f ./Core/Src/main.o
 .debug_macro   0x0000f727      0x19d ./Core/Src/main.o
 .debug_macro   0x0000f8c4      0x264 ./Core/Src/main.o
 .debug_macro   0x0000fb28      0x17e ./Core/Src/main.o
 .debug_macro   0x0000fca6       0x43 ./Core/Src/main.o
 .debug_macro   0x0000fce9      0x1f1 ./Core/Src/main.o
 .debug_macro   0x0000feda      0x1b1 ./Core/Src/main.o
 .debug_macro   0x0001008b      0x37c ./Core/Src/main.o
 .debug_macro   0x00010407       0x28 ./Core/Src/main.o
 .debug_macro   0x0001042f       0xb3 ./Core/Src/main.o
 .debug_macro   0x000104e2      0x22c ./Core/Src/main.o
 .debug_macro   0x0001070e       0x67 ./Core/Src/main.o
 .debug_macro   0x00010775       0xa5 ./Core/Src/main.o
 .debug_macro   0x0001081a      0x104 ./Core/Src/main.o
 .debug_macro   0x0001091e       0xf6 ./Core/Src/main.o
 .debug_macro   0x00010a14      0x67e ./Core/Src/main.o
 .debug_macro   0x00011092       0xa6 ./Core/Src/main.o
 .debug_macro   0x00011138      0x3a9 ./Core/Src/main.o
 .debug_macro   0x000114e1       0x22 ./Core/Src/main.o
 .debug_macro   0x00011503       0x52 ./Core/Src/main.o
 .debug_macro   0x00011555       0x61 ./Core/Src/main.o
 .debug_macro   0x000115b6       0x24 ./Core/Src/main.o
 .debug_macro   0x000115da       0x43 ./Core/Src/main.o
 .debug_macro   0x0001161d       0x34 ./Core/Src/main.o
 .debug_macro   0x00011651       0x16 ./Core/Src/main.o
 .debug_macro   0x00011667       0x35 ./Core/Src/main.o
 .debug_macro   0x0001169c      0x369 ./Core/Src/main.o
 .debug_macro   0x00011a05       0x10 ./Core/Src/main.o
 .debug_macro   0x00011a15       0x16 ./Core/Src/main.o
 .debug_macro   0x00011a2b       0x43 ./Core/Src/main.o
 .debug_macro   0x00011a6e       0x34 ./Core/Src/main.o
 .debug_macro   0x00011aa2       0x10 ./Core/Src/main.o
 .debug_macro   0x00011ab2       0x58 ./Core/Src/main.o
 .debug_macro   0x00011b0a       0x8e ./Core/Src/main.o
 .debug_macro   0x00011b98       0x1c ./Core/Src/main.o
 .debug_macro   0x00011bb4      0x177 ./Core/Src/main.o
 .debug_macro   0x00011d2b       0x16 ./Core/Src/main.o
 .debug_macro   0x00011d41       0x16 ./Core/Src/main.o
 .debug_macro   0x00011d57      0x146 ./Core/Src/main.o
 .debug_macro   0x00011e9d      0x10e ./Core/Src/main.o
 .debug_macro   0x00011fab       0x4c ./Core/Src/main.o
 .debug_macro   0x00011ff7      0x2dd ./Core/Src/stm32c0xx_hal_msp.o
 .debug_macro   0x000122d4      0x2e7 ./Core/Src/stm32c0xx_it.o
 .debug_macro   0x000125bb      0x1db ./Core/Src/system_stm32c0xx.o
 .debug_macro   0x00012796      0x2da ./Drivers/BSP/STM32C0xx_Nucleo/stm32c0xx_nucleo.o
 .debug_macro   0x00012a70       0x1c ./Drivers/BSP/STM32C0xx_Nucleo/stm32c0xx_nucleo.o
 .debug_macro   0x00012a8c      0x1f3 ./Drivers/STM32C0xx_HAL_Driver/Src/stm32c0xx_hal.o
 .debug_macro   0x00012c7f      0x1d5 ./Drivers/STM32C0xx_HAL_Driver/Src/stm32c0xx_hal_cortex.o
 .debug_macro   0x00012e54      0x1d5 ./Drivers/STM32C0xx_HAL_Driver/Src/stm32c0xx_hal_dma.o
 .debug_macro   0x00013029      0x1e1 ./Drivers/STM32C0xx_HAL_Driver/Src/stm32c0xx_hal_exti.o
 .debug_macro   0x0001320a      0x20a ./Drivers/STM32C0xx_HAL_Driver/Src/stm32c0xx_hal_gpio.o
 .debug_macro   0x00013414      0x2a1 ./Drivers/STM32C0xx_HAL_Driver/Src/stm32c0xx_hal_i2c.o
 .debug_macro   0x000136b5      0x1d5 ./Drivers/STM32C0xx_HAL_Driver/Src/stm32c0xx_hal_i2c_ex.o
 .debug_macro   0x0001388a      0x205 ./Drivers/STM32C0xx_HAL_Driver/Src/stm32c0xx_hal_rcc.o
 .debug_macro   0x00013a8f      0x1e7 ./Drivers/STM32C0xx_HAL_Driver/Src/stm32c0xx_hal_rcc_ex.o
 .debug_macro   0x00013c76      0x1f2 ./Drivers/STM32C0xx_HAL_Driver/Src/stm32c0xx_hal_uart.o
 .debug_macro   0x00013e68      0x317 ./Firmware/OwnAddr.o
 .debug_macro   0x0001417f       0x34 ./Firmware/OwnAddr.o
 .debug_macro   0x000141b3       0x35 ./Firmware/OwnAddr.o
 .debug_macro   0x000141e8      0x38c ./Firmware/OwnAddr.o
 .debug_macro   0x00014574       0x43 ./Firmware/OwnAddr.o
 .debug_macro   0x000145b7       0x16 ./Firmware/OwnAddr.o
 .debug_macro   0x000145cd      0x138 ./Firmware/OwnAddr.o
 .debug_macro   0x00014705       0x10 ./Firmware/OwnAddr.o
 .debug_macro   0x00014715       0x80 ./Firmware/Registers.o

.debug_line     0x00000000    0x10aaa
 .debug_line    0x00000000      0x9e9 ./Core/Src/main.o
 .debug_line    0x000009e9      0x96b ./Core/Src/stm32c0xx_hal_msp.o
 .debug_line    0x00001354      0x983 ./Core/Src/stm32c0xx_it.o
 .debug_line    0x00001cd7      0x78f ./Core/Src/system_stm32c0xx.o
 .debug_line    0x00002466       0x7d ./Core/Startup/startup_stm32c031c6tx.o
 .debug_line    0x000024e3      0xca0 ./Drivers/BSP/STM32C0xx_Nucleo/stm32c0xx_nucleo.o
 .debug_line    0x00003183      0xa67 ./Drivers/STM32C0xx_HAL_Driver/Src/stm32c0xx_hal.o
 .debug_line    0x00003bea      0xb8a ./Drivers/STM32C0xx_HAL_Driver/Src/stm32c0xx_hal_cortex.o
 .debug_line    0x00004774      0xd99 ./Drivers/STM32C0xx_HAL_Driver/Src/stm32c0xx_hal_dma.o
 .debug_line    0x0000550d      0xafa ./Drivers/STM32C0xx_HAL_Driver/Src/stm32c0xx_hal_exti.o
 .debug_line    0x00006007      0xbb3 ./Drivers/STM32C0xx_HAL_Driver/Src/stm32c0xx_hal_gpio.o
 .debug_line    0x00006bba     0x3a5e ./Drivers/STM32C0xx_HAL_Driver/Src/stm32c0xx_hal_i2c.o
 .debug_line    0x0000a618      0x956 ./Drivers/STM32C0xx_HAL_Driver/Src/stm32c0xx_hal_i2c_ex.o
 .debug_line    0x0000af6e      0xcfe ./Drivers/STM32C0xx_HAL_Driver/Src/stm32c0xx_hal_rcc.o
 .debug_line    0x0000bc6c      0x9e9 ./Drivers/STM32C0xx_HAL_Driver/Src/stm32c0xx_hal_rcc_ex.o
 .debug_line    0x0000c655     0x34f6 ./Drivers/STM32C0xx_HAL_Driver/Src/stm32c0xx_hal_uart.o
 .debug_line    0x0000fb4b      0xb27 ./Firmware/OwnAddr.o
 .debug_line    0x00010672      0x438 ./Firmware/Registers.o

.debug_str      0x00000000    0x79660
 .debug_str     0x00000000    0x755b5 ./Core/Src/main.o
                              0x75ea9 (size before relaxing)
 .debug_str     0x000755b5      0x32c ./Core/Src/stm32c0xx_hal_msp.o
                              0x75d83 (size before relaxing)
 .debug_str     0x000758e1       0xa8 ./Core/Src/stm32c0xx_it.o
                              0x7549c (size before relaxing)
 .debug_str     0x00075989       0xb4 ./Core/Src/system_stm32c0xx.o
                              0x71512 (size before relaxing)
 .debug_str     0x00075a3d       0x44 ./Core/Startup/startup_stm32c031c6tx.o
                                 0x8e (size before relaxing)
 .debug_str     0x00075a81      0x5c1 ./Drivers/BSP/STM32C0xx_Nucleo/stm32c0xx_nucleo.o
                              0x760a5 (size before relaxing)
 .debug_str     0x00076042      0x43c ./Drivers/STM32C0xx_HAL_Driver/Src/stm32c0xx_hal.o
                              0x71b08 (size before relaxing)
 .debug_str     0x0007647e      0x269 ./Drivers/STM32C0xx_HAL_Driver/Src/stm32c0xx_hal_cortex.o
                              0x7192b (size before relaxing)
 .debug_str     0x000766e7      0x2b7 ./Drivers/STM32C0xx_HAL_Driver/Src/stm32c0xx_hal_dma.o
                              0x71989 (size before relaxing)
 .debug_str     0x0007699e      0x1a1 ./Drivers/STM32C0xx_HAL_Driver/Src/stm32c0xx_hal_exti.o
                              0x7168e (size before relaxing)
 .debug_str     0x00076b3f      0x1d3 ./Drivers/STM32C0xx_HAL_Driver/Src/stm32c0xx_hal_gpio.o
                              0x7170a (size before relaxing)
 .debug_str     0x00076d12      0xec1 ./Drivers/STM32C0xx_HAL_Driver/Src/stm32c0xx_hal_i2c.o
                              0x728cd (size before relaxing)
 .debug_str     0x00077bd3       0xb8 ./Drivers/STM32C0xx_HAL_Driver/Src/stm32c0xx_hal_i2c_ex.o
                              0x71b43 (size before relaxing)
 .debug_str     0x00077c8b      0x3fa ./Drivers/STM32C0xx_HAL_Driver/Src/stm32c0xx_hal_rcc.o
                              0x71afd (size before relaxing)
 .debug_str     0x00078085      0x128 ./Drivers/STM32C0xx_HAL_Driver/Src/stm32c0xx_hal_rcc_ex.o
                              0x7177b (size before relaxing)
 .debug_str     0x000781ad      0x969 ./Drivers/STM32C0xx_HAL_Driver/Src/stm32c0xx_hal_uart.o
                              0x72462 (size before relaxing)
 .debug_str     0x00078b16      0xb04 ./Firmware/OwnAddr.o
                              0x762ee (size before relaxing)
 .debug_str     0x0007961a       0x46 ./Firmware/Registers.o
                               0x4223 (size before relaxing)

.comment        0x00000000       0x43
 .comment       0x00000000       0x43 ./Core/Src/main.o
                                 0x44 (size before relaxing)
 .comment       0x00000043       0x44 ./Core/Src/stm32c0xx_hal_msp.o
 .comment       0x00000043       0x44 ./Core/Src/stm32c0xx_it.o
 .comment       0x00000043       0x44 ./Core/Src/system_stm32c0xx.o
 .comment       0x00000043       0x44 ./Drivers/BSP/STM32C0xx_Nucleo/stm32c0xx_nucleo.o
 .comment       0x00000043       0x44 ./Drivers/STM32C0xx_HAL_Driver/Src/stm32c0xx_hal.o
 .comment       0x00000043       0x44 ./Drivers/STM32C0xx_HAL_Driver/Src/stm32c0xx_hal_cortex.o
 .comment       0x00000043       0x44 ./Drivers/STM32C0xx_HAL_Driver/Src/stm32c0xx_hal_dma.o
 .comment       0x00000043       0x44 ./Drivers/STM32C0xx_HAL_Driver/Src/stm32c0xx_hal_exti.o
 .comment       0x00000043       0x44 ./Drivers/STM32C0xx_HAL_Driver/Src/stm32c0xx_hal_gpio.o
 .comment       0x00000043       0x44 ./Drivers/STM32C0xx_HAL_Driver/Src/stm32c0xx_hal_i2c.o
 .comment       0x00000043       0x44 ./Drivers/STM32C0xx_HAL_Driver/Src/stm32c0xx_hal_i2c_ex.o
 .comment       0x00000043       0x44 ./Drivers/STM32C0xx_HAL_Driver/Src/stm32c0xx_hal_rcc.o
 .comment       0x00000043       0x44 ./Drivers/STM32C0xx_HAL_Driver/Src/stm32c0xx_hal_rcc_ex.o
 .comment       0x00000043       0x44 ./Drivers/STM32C0xx_HAL_Driver/Src/stm32c0xx_hal_uart.o
 .comment       0x00000043       0x44 ./Firmware/OwnAddr.o
 .comment       0x00000043       0x44 ./Firmware/Registers.o

.debug_frame    0x00000000     0x28c8
 .debug_frame   0x00000000       0xa4 ./Core/Src/main.o
 .debug_frame   0x000000a4       0x70 ./Core/Src/stm32c0xx_hal_msp.o
 .debug_frame   0x00000114       0xb8 ./Core/Src/stm32c0xx_it.o
 .debug_frame   0x000001cc       0x4c ./Core/Src/system_stm32c0xx.o
 .debug_frame   0x00000218      0x2c0 ./Drivers/BSP/STM32C0xx_Nucleo/stm32c0xx_nucleo.o
 .debug_frame   0x000004d8      0x368 ./Drivers/STM32C0xx_HAL_Driver/Src/stm32c0xx_hal.o
 .debug_frame   0x00000840      0x33c ./Drivers/STM32C0xx_HAL_Driver/Src/stm32c0xx_hal_cortex.o
 .debug_frame   0x00000b7c      0x1f0 ./Drivers/STM32C0xx_HAL_Driver/Src/stm32c0xx_hal_dma.o
 .debug_frame   0x00000d6c      0x130 ./Drivers/STM32C0xx_HAL_Driver/Src/stm32c0xx_hal_exti.o
 .debug_frame   0x00000e9c      0x150 ./Drivers/STM32C0xx_HAL_Driver/Src/stm32c0xx_hal_gpio.o
 .debug_frame   0x00000fec      0xa68 ./Drivers/STM32C0xx_HAL_Driver/Src/stm32c0xx_hal_i2c.o
 .debug_frame   0x00001a54       0xd0 ./Drivers/STM32C0xx_HAL_Driver/Src/stm32c0xx_hal_i2c_ex.o
 .debug_frame   0x00001b24      0x214 ./Drivers/STM32C0xx_HAL_Driver/Src/stm32c0xx_hal_rcc.o
 .debug_frame   0x00001d38       0xac ./Drivers/STM32C0xx_HAL_Driver/Src/stm32c0xx_hal_rcc_ex.o
 .debug_frame   0x00001de4      0x8d4 ./Drivers/STM32C0xx_HAL_Driver/Src/stm32c0xx_hal_uart.o
 .debug_frame   0x000026b8      0x1a4 ./Firmware/OwnAddr.o
 .debug_frame   0x0000285c       0x20 /Applications/Development/STM32CubeIDE.app/Contents/Eclipse/plugins/com.st.stm32cube.ide.mcu.externaltools.gnu-tools-for-stm32.12.3.rel1.macos64_1.1.0.202410301201/tools/bin/../lib/gcc/arm-none-eabi/12.3.1/../../../../arm-none-eabi/lib/thumb/v6-m/nofp/libc_nano.a(libc_a-memset.o)
 .debug_frame   0x0000287c       0x2c /Applications/Development/STM32CubeIDE.app/Contents/Eclipse/plugins/com.st.stm32cube.ide.mcu.externaltools.gnu-tools-for-stm32.12.3.rel1.macos64_1.1.0.202410301201/tools/bin/../lib/gcc/arm-none-eabi/12.3.1/../../../../arm-none-eabi/lib/thumb/v6-m/nofp/libc_nano.a(libc_a-init.o)
 .debug_frame   0x000028a8       0x20 /Applications/Development/STM32CubeIDE.app/Contents/Eclipse/plugins/com.st.stm32cube.ide.mcu.externaltools.gnu-tools-for-stm32.12.3.rel1.macos64_1.1.0.202410301201/tools/bin/../lib/gcc/arm-none-eabi/12.3.1/thumb/v6-m/nofp/libgcc.a(_udivsi3.o)

.debug_line_str
                0x00000000       0x72
 .debug_line_str
                0x00000000       0x72 ./Core/Startup/startup_stm32c031c6tx.o
